  Determining projects to restore...
  All projects are up-to-date for restore.
C:\Users\PC\Desktop\Source\API_ERP_2026\ERP_Portal_RC\ERP_Portal_RC.Domain\Common\ApiResponse.cs(75,39): warning CS0109: The member 'ApiResponse.SuccessResponse(string, int)' does not hide an accessible member. The new keyword is not required. [C:\Users\PC\Desktop\Source\API_ERP_2026\ERP_Portal_RC\ERP_Portal_RC.Domain\ERP_Portal_RC.Domain.csproj]
C:\Users\PC\Desktop\Source\API_ERP_2026\ERP_Portal_RC\ERP_Portal_RC.Domain\Interfaces\IContractSignRepository.cs(29,19): error CS0246: The type or namespace name 'InvParamData' could not be found (are you missing a using directive or an assembly reference?) [C:\Users\PC\Desktop\Source\API_ERP_2026\ERP_Portal_RC\ERP_Portal_RC.Domain\ERP_Portal_RC.Domain.csproj]
C:\Users\PC\Desktop\Source\API_ERP_2026\ERP_Portal_RC\ERP_Portal_RC.Domain\Interfaces\IContractSignRepository.cs(53,58): error CS0246: The type or namespace name 'SignContractRequestDto' could not be found (are you missing a using directive or an assembly reference?) [C:\Users\PC\Desktop\Source\API_ERP_2026\ERP_Portal_RC\ERP_Portal_RC.Domain\ERP_Portal_RC.Domain.csproj]
C:\Users\PC\Desktop\Source\API_ERP_2026\ERP_Portal_RC\ERP_Portal_RC.Domain\Interfaces\IContractSignRepository.cs(53,14): error CS0246: The type or namespace name 'SignContractResult' could not be found (are you missing a using directive or an assembly reference?) [C:\Users\PC\Desktop\Source\API_ERP_2026\ERP_Portal_RC\ERP_Portal_RC.Domain\ERP_Portal_RC.Domain.csproj]
C:\Users\PC\Desktop\Source\API_ERP_2026\ERP_Portal_RC\ERP_Portal_RC.Domain\Interfaces\IContractSignRepository.cs(58,14): error CS0246: The type or namespace name 'CheckSignStatusResult' could not be found (are you missing a using directive or an assembly reference?) [C:\Users\PC\Desktop\Source\API_ERP_2026\ERP_Portal_RC\ERP_Portal_RC.Domain\ERP_Portal_RC.Domain.csproj]
C:\Users\PC\Desktop\Source\API_ERP_2026\ERP_Portal_RC\ERP_Portal_RC.Domain\Interfaces\ITemplateRepository.cs(13,78): warning CS8625: Cannot convert null literal to non-nullable reference type. [C:\Users\PC\Desktop\Source\API_ERP_2026\ERP_Portal_RC\ERP_Portal_RC.Domain\ERP_Portal_RC.Domain.csproj]

Build FAILED.

C:\Users\PC\Desktop\Source\API_ERP_2026\ERP_Portal_RC\ERP_Portal_RC.Domain\Common\ApiResponse.cs(75,39): warning CS0109: The member 'ApiResponse.SuccessResponse(string, int)' does not hide an accessible member. The new keyword is not required. [C:\Users\PC\Desktop\Source\API_ERP_2026\ERP_Portal_RC\ERP_Portal_RC.Domain\ERP_Portal_RC.Domain.csproj]
C:\Users\PC\Desktop\Source\API_ERP_2026\ERP_Portal_RC\ERP_Portal_RC.Domain\Interfaces\ITemplateRepository.cs(13,78): warning CS8625: Cannot convert null literal to non-nullable reference type. [C:\Users\PC\Desktop\Source\API_ERP_2026\ERP_Portal_RC\ERP_Portal_RC.Domain\ERP_Portal_RC.Domain.csproj]
C:\Users\PC\Desktop\Source\API_ERP_2026\ERP_Portal_RC\ERP_Portal_RC.Domain\Interfaces\IContractSignRepository.cs(29,19): error CS0246: The type or namespace name 'InvParamData' could not be found (are you missing a using directive or an assembly reference?) [C:\Users\PC\Desktop\Source\API_ERP_2026\ERP_Portal_RC\ERP_Portal_RC.Domain\ERP_Portal_RC.Domain.csproj]
C:\Users\PC\Desktop\Source\API_ERP_2026\ERP_Portal_RC\ERP_Portal_RC.Domain\Interfaces\IContractSignRepository.cs(53,58): error CS0246: The type or namespace name 'SignContractRequestDto' could not be found (are you missing a using directive or an assembly reference?) [C:\Users\PC\Desktop\Source\API_ERP_2026\ERP_Portal_RC\ERP_Portal_RC.Domain\ERP_Portal_RC.Domain.csproj]
C:\Users\PC\Desktop\Source\API_ERP_2026\ERP_Portal_RC\ERP_Portal_RC.Domain\Interfaces\IContractSignRepository.cs(53,14): error CS0246: The type or namespace name 'SignContractResult' could not be found (are you missing a using directive or an assembly reference?) [C:\Users\PC\Desktop\Source\API_ERP_2026\ERP_Portal_RC\ERP_Portal_RC.Domain\ERP_Portal_RC.Domain.csproj]
C:\Users\PC\Desktop\Source\API_ERP_2026\ERP_Portal_RC\ERP_Portal_RC.Domain\Interfaces\IContractSignRepository.cs(58,14): error CS0246: The type or namespace name 'CheckSignStatusResult' could not be found (are you missing a using directive or an assembly reference?) [C:\Users\PC\Desktop\Source\API_ERP_2026\ERP_Portal_RC\ERP_Portal_RC.Domain\ERP_Portal_RC.Domain.csproj]
    2 Warning(s)
    4 Error(s)

Time Elapsed 00:00:00.91
